DOPEN-REPL:declaration
DOPEN-REPL:closures
DOPEN-REPL:local-scope
DOPEN-REPL:nested
ERROR: undefined-module
DOPEN-REPL:after-missing-declaration
ERROR: undefined-module
DOPEN-REPL:after-missing-local
ERROR: type-mismatch
DOPEN-REPL:after-type-error
EXCEPTION: Div
DOPEN-REPL:after-exception
DOPEN-REPL:polymorphism
ERROR: value-restriction
DOPEN-REPL:after-value-restriction
DOPEN-REPL:empty-module
ERROR: undefined-variable
DOPEN-REPL:after-empty-shadow
